// Jest Snapshot v1, https://goo.gl/fbAQLP

exports[`Header shows Logout btn when user is logged in 1`] = `
<div>
  <header
    class="flex justify-between h-14 dark:border-slate-600 border-black border-b-2"
  >
    <button
      class="m-3"
      data-testid="moon"
    >
      <svg
        class="h-6 w-6"
        color="var(--geist-foreground)"
        fill="none"
        height="28"
        shape-rendering="geometricPrecision"
        stroke="currentColor"
        stroke-linecap="round"
        stroke-linejoin="round"
        stroke-width="1.5"
        viewBox="0 0 24 24"
        width="28"
        xmlns="http://www.w3.org/2000/svg"
      >
        <path
          d="M21 12.79A9 9 0 1111.21 3 7 7 0 0021 12.79z"
        />
      </svg>
    </button>
  </header>
</div>
`;
