// Jest Snapshot v1, https://goo.gl/fbAQLP

exports[`List lists 2 artists 1`] = `
<div>
  <div
    class="border border-indigo-100"
  >
    <div
      class="max-w-md mx-auto bg-white rounded-xl shadow-md overflow-hidden md:max-w-2xl"
    >
      <div
        class="md:flex"
      >
        <div
          class="md:shrink-0"
        >
          <span
            style="box-sizing: border-box; display: inline-block; overflow: hidden; background: none; opacity: 1; border: 0px; margin: 0px; padding: 0px; position: relative; max-width: 100%;"
          >
            <span
              style="box-sizing: border-box; display: block; background: none; opacity: 1; border: 0px; margin: 0px; padding: 0px; max-width: 100%;"
            >
              <img
                alt=""
                aria-hidden="true"
                src="data:image/svg+xml;base64,PHN2ZyB3aWR0aD0iMTIwIiBoZWlnaHQ9IjE3MCIgeG1sbnM9Imh0dHA6Ly93d3cudzMub3JnLzIwMDAvc3ZnIiB2ZXJzaW9uPSIxLjEiLz4="
                style="display: block; max-width: 100%; background: none; opacity: 1; border: 0px; margin: 0px; padding: 0px;"
              />
            </span>
            <img
              alt="Logo of Led Zeppeling"
              class="h-48 w-full object-cover md:h-full md:w-48"
              data-nimg="intrinsic"
              decoding="async"
              src="data:image/gif;base64,R0lGODlhAQABAIAAAAAAAP///yH5BAEAAAAALAAAAAABAAEAAAIBRAA7"
              style="position: absolute; top: 0px; left: 0px; bottom: 0px; right: 0px; box-sizing: border-box; padding: 0px; margin: auto; display: block; width: 0px; height: 0px; min-width: 100%; max-width: 100%; min-height: 100%; max-height: 100%;"
            />
            <noscript />
          </span>
        </div>
        <div
          class="p-8"
        >
          <div
            class="uppercase tracking-wide text-sm text-indigo-500 font-semibold"
          >
            Case study
          </div>
          <a
            class="block mt-1 text-lg leading-tight font-medium text-black hover:underline"
            href="#"
          >
            Led Zeppeling
          </a>
          <p
            class="mt-2 text-gray-500"
          >
            Getting a new business off the ground is a lot of hard work. Here are five ideas you can use to find your first customers.
          </p>
        </div>
      </div>
    </div>
    <div
      class="max-w-md mx-auto bg-white rounded-xl shadow-md overflow-hidden md:max-w-2xl"
    >
      <div
        class="md:flex"
      >
        <div
          class="md:shrink-0"
        >
          <span
            style="box-sizing: border-box; display: inline-block; overflow: hidden; background: none; opacity: 1; border: 0px; margin: 0px; padding: 0px; position: relative; max-width: 100%;"
          >
            <span
              style="box-sizing: border-box; display: block; background: none; opacity: 1; border: 0px; margin: 0px; padding: 0px; max-width: 100%;"
            >
              <img
                alt=""
                aria-hidden="true"
                src="data:image/svg+xml;base64,PHN2ZyB3aWR0aD0iMTIwIiBoZWlnaHQ9IjE3MCIgeG1sbnM9Imh0dHA6Ly93d3cudzMub3JnLzIwMDAvc3ZnIiB2ZXJzaW9uPSIxLjEiLz4="
                style="display: block; max-width: 100%; background: none; opacity: 1; border: 0px; margin: 0px; padding: 0px;"
              />
            </span>
            <img
              alt="Logo of Led Zeppeling"
              class="h-48 w-full object-cover md:h-full md:w-48"
              data-nimg="intrinsic"
              decoding="async"
              src="data:image/gif;base64,R0lGODlhAQABAIAAAAAAAP///yH5BAEAAAAALAAAAAABAAEAAAIBRAA7"
              style="position: absolute; top: 0px; left: 0px; bottom: 0px; right: 0px; box-sizing: border-box; padding: 0px; margin: auto; display: block; width: 0px; height: 0px; min-width: 100%; max-width: 100%; min-height: 100%; max-height: 100%;"
            />
            <noscript />
          </span>
        </div>
        <div
          class="p-8"
        >
          <div
            class="uppercase tracking-wide text-sm text-indigo-500 font-semibold"
          >
            Case study
          </div>
          <a
            class="block mt-1 text-lg leading-tight font-medium text-black hover:underline"
            href="#"
          >
            Led Zeppeling
          </a>
          <p
            class="mt-2 text-gray-500"
          >
            Getting a new business off the ground is a lot of hard work. Here are five ideas you can use to find your first customers.
          </p>
        </div>
      </div>
    </div>
  </div>
</div>
`;
