// Jest Snapshot v1, https://goo.gl/fbAQLP

exports[`Main show List of results  1`] = `
<div>
  <div>
    invalid json response body at  reason: Unexpected end of JSON input
  </div>
</div>
`;
