// Jest Snapshot v1, https://goo.gl/fbAQLP

exports[`Header shows Logout btn when user is logged in 1`] = `
<div>
  <header
    class="rr-column justify-center flex-none h-14 rr-border border-b-2"
  >
    <div
      class="flex justify-between items-center w-full lg:w-9/12"
    >
      <button
        aria-label="toggleDarkMode"
        data-testid="moon"
      >
        <svg
          class="h-8 w-8 text-gh-dark"
          fill="none"
          role="img"
          stroke="currentColor"
          stroke-linecap="round"
          stroke-linejoin="round"
          stroke-width="1.5"
          viewBox="0 0 24 24"
        >
          <path
            d="M21 12.79A9 9 0 1111.21 3 7 7 0 0021 12.79z"
          />
        </svg>
      </button>
      <a
        href="/api/auth/logout"
      >
        <button
          class="btn btn-small"
        >
          Logout
        </button>
      </a>
    </div>
  </header>
</div>
`;
