// Jest Snapshot v1, https://goo.gl/fbAQLP

exports[`List unfollows artist on "unfollow" btn click 1`] = `<div />`;
