// Jest Snapshot v1, https://goo.gl/fbAQLP

exports[`Main renders with data 1`] = `
Object {
  "asFragment": [Function],
  "baseElement": <body>
    <div>
      <main>
        <h1
          class="text-3xl font-bold underline"
        >
          Powered by
           to 
          <a
            href="https://nextjs.org"
          >
            Next.js!
          </a>
        </h1>
        <div>
          <div
            data-testid="list-el"
          >
            <p>
              Led Zeppeling
            </p>
            <a
              href="www.google.com"
            >
              Led Zeppeling
            </a>
          </div>
          <div
            data-testid="list-el"
          >
            <p>
              YOYOO
            </p>
            <a
              href="www.google.com"
            >
              YOYOO
            </a>
          </div>
        </div>
      </main>
    </div>
  </body>,
  "container": <div>
    <main>
      <h1
        class="text-3xl font-bold underline"
      >
        Powered by
         to 
        <a
          href="https://nextjs.org"
        >
          Next.js!
        </a>
      </h1>
      <div>
        <div
          data-testid="list-el"
        >
          <p>
            Led Zeppeling
          </p>
          <a
            href="www.google.com"
          >
            Led Zeppeling
          </a>
        </div>
        <div
          data-testid="list-el"
        >
          <p>
            YOYOO
          </p>
          <a
            href="www.google.com"
          >
            YOYOO
          </a>
        </div>
      </div>
    </main>
  </div>,
  "debug": [Function],
  "findAllByAltText": [Function],
  "findAllByDisplayValue": [Function],
  "findAllByLabelText": [Function],
  "findAllByPlaceholderText": [Function],
  "findAllByRole": [Function],
  "findAllByTestId": [Function],
  "findAllByText": [Function],
  "findAllByTitle": [Function],
  "findByAltText": [Function],
  "findByDisplayValue": [Function],
  "findByLabelText": [Function],
  "findByPlaceholderText": [Function],
  "findByRole": [Function],
  "findByTestId": [Function],
  "findByText": [Function],
  "findByTitle": [Function],
  "getAllByAltText": [Function],
  "getAllByDisplayValue": [Function],
  "getAllByLabelText": [Function],
  "getAllByPlaceholderText": [Function],
  "getAllByRole": [Function],
  "getAllByTestId": [Function],
  "getAllByText": [Function],
  "getAllByTitle": [Function],
  "getByAltText": [Function],
  "getByDisplayValue": [Function],
  "getByLabelText": [Function],
  "getByPlaceholderText": [Function],
  "getByRole": [Function],
  "getByTestId": [Function],
  "getByText": [Function],
  "getByTitle": [Function],
  "queryAllByAltText": [Function],
  "queryAllByDisplayValue": [Function],
  "queryAllByLabelText": [Function],
  "queryAllByPlaceholderText": [Function],
  "queryAllByRole": [Function],
  "queryAllByTestId": [Function],
  "queryAllByText": [Function],
  "queryAllByTitle": [Function],
  "queryByAltText": [Function],
  "queryByDisplayValue": [Function],
  "queryByLabelText": [Function],
  "queryByPlaceholderText": [Function],
  "queryByRole": [Function],
  "queryByTestId": [Function],
  "queryByText": [Function],
  "queryByTitle": [Function],
  "rerender": [Function],
  "unmount": [Function],
}
`;
