// Jest Snapshot v1, https://goo.gl/fbAQLP

exports[`Search renders with data 1`] = `
Object {
  "asFragment": [Function],
  "baseElement": <body>
    <div>
      <div
        class="flex justify-center items-center h-48 bg-red-300"
      >
        <form
          class="flex justify-center items-stretch h-10"
          novalidate=""
        >
          <input
            class="rounded mr-4 px-2 max-w-md"
            name="search"
            placeholder="Here goes the artist..."
            type="text"
          />
          <button
            class="py-2 px-3 bg-indigo-500 text-white text-sm font-semibold rounded-md shadow focus:outline-none"
            type="submit"
          >
            Search
          </button>
        </form>
      </div>
    </div>
  </body>,
  "container": <div>
    <div
      class="flex justify-center items-center h-48 bg-red-300"
    >
      <form
        class="flex justify-center items-stretch h-10"
        novalidate=""
      >
        <input
          class="rounded mr-4 px-2 max-w-md"
          name="search"
          placeholder="Here goes the artist..."
          type="text"
        />
        <button
          class="py-2 px-3 bg-indigo-500 text-white text-sm font-semibold rounded-md shadow focus:outline-none"
          type="submit"
        >
          Search
        </button>
      </form>
    </div>
  </div>,
  "debug": [Function],
  "findAllByAltText": [Function],
  "findAllByDisplayValue": [Function],
  "findAllByLabelText": [Function],
  "findAllByPlaceholderText": [Function],
  "findAllByRole": [Function],
  "findAllByTestId": [Function],
  "findAllByText": [Function],
  "findAllByTitle": [Function],
  "findByAltText": [Function],
  "findByDisplayValue": [Function],
  "findByLabelText": [Function],
  "findByPlaceholderText": [Function],
  "findByRole": [Function],
  "findByTestId": [Function],
  "findByText": [Function],
  "findByTitle": [Function],
  "getAllByAltText": [Function],
  "getAllByDisplayValue": [Function],
  "getAllByLabelText": [Function],
  "getAllByPlaceholderText": [Function],
  "getAllByRole": [Function],
  "getAllByTestId": [Function],
  "getAllByText": [Function],
  "getAllByTitle": [Function],
  "getByAltText": [Function],
  "getByDisplayValue": [Function],
  "getByLabelText": [Function],
  "getByPlaceholderText": [Function],
  "getByRole": [Function],
  "getByTestId": [Function],
  "getByText": [Function],
  "getByTitle": [Function],
  "queryAllByAltText": [Function],
  "queryAllByDisplayValue": [Function],
  "queryAllByLabelText": [Function],
  "queryAllByPlaceholderText": [Function],
  "queryAllByRole": [Function],
  "queryAllByTestId": [Function],
  "queryAllByText": [Function],
  "queryAllByTitle": [Function],
  "queryByAltText": [Function],
  "queryByDisplayValue": [Function],
  "queryByLabelText": [Function],
  "queryByPlaceholderText": [Function],
  "queryByRole": [Function],
  "queryByTestId": [Function],
  "queryByText": [Function],
  "queryByTitle": [Function],
  "rerender": [Function],
  "unmount": [Function],
}
`;
