// Jest Snapshot v1, https://goo.gl/fbAQLP

exports[`Login renders login button 1`] = `
<div>
  <div
    class="flex flex-auto flex-col items-center justify-center w-full"
  >
    <h2
      class="rr-text text-center text-4xl mb-3"
    >
      Welcome to Release Raccoon!
    </h2>
    <p
      class="rr-text text-center text-xl mb-3"
    >
      Receive your favorite artists' music in your email every week!
    </p>
    <a
      href="/api/auth/login"
    >
      <button
        class="btn btn-large lg:ml-8 mt-8 mb-24 w-44 h-14"
      >
        Register
      </button>
    </a>
  </div>
</div>
`;
